2026-08-29T09:51:22-05:00 QUEUE_START repeats=8 pair_deadline=11:04 drain=450MiB
2026-08-29T09:51:22-05:00 WARMUP starting discarded warm-up (tag K_00, enters no statistic)
2026-08-29T09:54:50-05:00 K_00 att=1 CLEAN dur=208s ready=40s temp0=38/46 pool=67936 1.87 0.792
2026-08-29T09:54:50-05:00 WARMUP clean (discarded)
2026-08-29T09:58:19-05:00 K_01 att=1 CLEAN dur=208s ready=40s temp0=43/43 pool=67936 1.861 0.795
2026-08-29T09:58:19-05:00 PROGRESS clean K=1 C=0 (rep 1/8)
2026-08-29T10:02:17-05:00 C_01 att=1 CLEAN dur=238s ready=40s temp0=45/44 pool=39040 27.762 0.597
2026-08-29T10:02:17-05:00 PROGRESS clean K=1 C=1 (rep 1/8)
2026-08-29T10:05:46-05:00 K_02 att=1 CLEAN dur=209s ready=40s temp0=46/45 pool=67936 1.871 0.795
2026-08-29T10:05:46-05:00 PROGRESS clean K=2 C=1 (rep 2/8)
2026-08-29T10:09:43-05:00 C_02 att=1 CLEAN dur=237s ready=40s temp0=46/46 pool=39040 27.673 0.597
2026-08-29T10:09:43-05:00 PROGRESS clean K=2 C=2 (rep 2/8)
2026-08-29T10:13:07-05:00 K_03 att=1 CLEAN dur=204s ready=35s temp0=47/46 pool=67936 1.878 0.792
2026-08-29T10:13:07-05:00 PROGRESS clean K=3 C=2 (rep 3/8)
2026-08-29T10:17:00-05:00 C_03 att=1 CLEAN dur=233s ready=35s temp0=47/46 pool=39040 27.817 0.597
2026-08-29T10:17:00-05:00 PROGRESS clean K=3 C=3 (rep 3/8)
2026-08-29T10:20:24-05:00 K_04 att=1 CLEAN dur=204s ready=35s temp0=47/46 pool=67936 1.875 0.792
2026-08-29T10:20:24-05:00 PROGRESS clean K=4 C=3 (rep 4/8)
2026-08-29T10:24:16-05:00 C_04 att=1 CLEAN dur=232s ready=35s temp0=47/46 pool=39040 27.616 0.597
2026-08-29T10:24:16-05:00 PROGRESS clean K=4 C=4 (rep 4/8)
2026-08-29T10:27:40-05:00 K_05 att=1 CLEAN dur=204s ready=35s temp0=47/46 pool=67936 1.875 0.792
2026-08-29T10:27:40-05:00 PROGRESS clean K=5 C=4 (rep 5/8)
2026-08-29T10:31:33-05:00 C_05 att=1 CLEAN dur=233s ready=35s temp0=47/46 pool=39040 27.716 0.597
2026-08-29T10:31:33-05:00 PROGRESS clean K=5 C=5 (rep 5/8)
2026-08-29T10:34:57-05:00 K_06 att=1 CLEAN dur=204s ready=35s temp0=47/46 pool=67936 1.876 0.792
2026-08-29T10:34:57-05:00 PROGRESS clean K=6 C=5 (rep 6/8)
2026-08-29T10:38:49-05:00 C_06 att=1 CLEAN dur=232s ready=35s temp0=47/46 pool=39040 27.618 0.597
2026-08-29T10:38:49-05:00 PROGRESS clean K=6 C=6 (rep 6/8)
2026-08-29T10:42:13-05:00 K_07 att=1 CLEAN dur=204s ready=35s temp0=47/46 pool=67936 1.88 0.795
2026-08-29T10:42:13-05:00 PROGRESS clean K=7 C=6 (rep 7/8)
2026-08-29T10:46:06-05:00 C_07 att=1 CLEAN dur=233s ready=35s temp0=47/47 pool=39040 27.712 0.597
2026-08-29T10:46:06-05:00 PROGRESS clean K=7 C=7 (rep 7/8)
2026-08-29T10:49:30-05:00 K_08 att=1 CLEAN dur=203s ready=35s temp0=47/46 pool=67936 1.869 0.795
2026-08-29T10:49:30-05:00 PROGRESS clean K=8 C=7 (rep 8/8)
2026-08-29T10:53:22-05:00 C_08 att=1 CLEAN dur=232s ready=35s temp0=47/46 pool=39040 27.693 0.597
2026-08-29T10:53:22-05:00 PROGRESS clean K=8 C=8 (rep 8/8)
2026-08-29T10:53:22-05:00 QUEUE_DONE clean K=8 C=8
2026-08-29T10:53:22-05:00 QUEUE_EXIT
