[top1] vram before boot: 255 MiB
READY after 30s
[top1] granted pool: 93616 tokens (5851 blocks)
[top1] POOL MISMATCH: got 93616 want 93664 -- recording and continuing
[top1] bench rc=0
{
  "requests": 182,
  "dropped_warmup": 10,
  "ttft_p50_s": 0.248,
  "ttft_p95_s": 0.559,
  "e2e_p50_s": 4.762,
  "e2e_p95_s": 7.217,
  "throughput_tok_s": 209.2,
  "makespan_s": 159.3,
  "prefix_cache_hit_rate": 0.862
}[top2] vram before boot: 255 MiB
READY after 30s
[top2] granted pool: 93616 tokens (5851 blocks)
[top2] bench rc=0
{
  "requests": 182,
  "dropped_warmup": 10,
  "ttft_p50_s": 0.247,
  "ttft_p95_s": 0.536,
  "e2e_p50_s": 4.754,
  "e2e_p95_s": 7.205,
  "throughput_tok_s": 209.2,
  "makespan_s": 159.3,
  "prefix_cache_hit_rate": 0.862
}[ctrl] vram before boot: 255 MiB
READY after 65s
[ctrl] granted pool: 82336 tokens (5146 blocks)
[ctrl] POOL MISMATCH: got 82336 want 82956 -- recording and continuing
[ctrl] bench rc=0
{
  "requests": 182,
  "dropped_warmup": 10,
  "ttft_p50_s": 0.25,
  "ttft_p95_s": 0.799,
  "e2e_p50_s": 4.848,
  "e2e_p95_s": 7.9,
  "throughput_tok_s": 204.5,
  "makespan_s": 163.0,
  "prefix_cache_hit_rate": 0.844
}STEP4_DONE
